// Jest Snapshot v1, https://goo.gl/fbAQLP

exports[`App should render 1`] = `
<View
  style={
    Object {
      "alignItems": "center",
      "backgroundColor": "#F3F3F3",
      "flex": 1,
      "justifyContent": "space-between",
      "position": "relative",
    }
  }
>
  <View
    style={
      Object {
        "alignItems": "center",
        "justifyContent": "center",
        "width": "100%",
      }
    }
  >
    <View
      style={
        Object {
          "backgroundColor": "#DAE1E7",
          "height": 20,
          "marginTop": 40,
          "width": "100%",
        }
      }
    >
      <View
        style={
          Array [
            Object {
              "backgroundColor": "#444",
              "height": 20,
              "width": "100%",
            },
            Object {
              "width": "5%",
            },
          ]
        }
      />
    </View>
    <View
      style={
        Array [
          Object {
            "alignItems": "flex-start",
            "display": "flex",
            "flexDirection": "column",
            "justifyContent": "center",
            "marginHorizontal": "auto",
            "paddingTop": 50,
            "width": "98%",
          },
        ]
      }
    >
      <View
        style={
          Object {
            "alignItems": "flex-start",
            "display": "flex",
            "flexDirection": "column",
          }
        }
      >
        <Text
          style={
            Object {
              "fontSize": 24,
              "fontWeight": "600",
            }
          }
        >
          Question 
          1
           out of 
          20
        </Text>
        <Text
          style={
            Object {
              "fontSize": 18,
              "fontWeight": "400",
              "marginTop": 2,
            }
          }
        >
          Entertainment: Video Games
        </Text>
        <View
          style={
            Object {
              "display": "flex",
              "flexDirection": "row",
              "marginTop": 4,
            }
          }
        >
          <Text
            allowFontScaling={false}
            style={
              Array [
                Object {
                  "color": "#000",
                  "fontSize": 14,
                },
                undefined,
                Object {
                  "fontFamily": "FontAwesome",
                  "fontStyle": "normal",
                  "fontWeight": "normal",
                },
                Object {},
              ]
            }
          >
            
          </Text>
          <Text
            allowFontScaling={false}
            style={
              Array [
                Object {
                  "color": "#000",
                  "fontSize": 14,
                },
                undefined,
                Object {
                  "fontFamily": "FontAwesome",
                  "fontStyle": "normal",
                  "fontWeight": "normal",
                },
                Object {},
              ]
            }
          >
            
          </Text>
          <Text
            allowFontScaling={false}
            style={
              Array [
                Object {
                  "color": "#000",
                  "fontSize": 14,
                },
                undefined,
                Object {
                  "fontFamily": "FontAwesome",
                  "fontStyle": "normal",
                  "fontWeight": "normal",
                },
                Object {},
              ]
            }
          >
            
          </Text>
          <Text
            allowFontScaling={false}
            style={
              Array [
                Object {
                  "color": "#DAE1E7",
                  "fontSize": 14,
                },
                undefined,
                Object {
                  "fontFamily": "FontAwesome",
                  "fontStyle": "normal",
                  "fontWeight": "normal",
                },
                Object {},
              ]
            }
          >
            
          </Text>
          <Text
            allowFontScaling={false}
            style={
              Array [
                Object {
                  "color": "#DAE1E7",
                  "fontSize": 14,
                },
                undefined,
                Object {
                  "fontFamily": "FontAwesome",
                  "fontStyle": "normal",
                  "fontWeight": "normal",
                },
                Object {},
              ]
            }
          >
            
          </Text>
        </View>
      </View>
      <View>
        <Text
          style={
            Object {
              "fontSize": 24,
              "fontWeight": "600",
              "marginTop": 40,
            }
          }
        >
          What was the name of the hero in the 80s animated video game 'Dragon's Lair'?
        </Text>
      </View>
      <View
        style={
          Object {
            "display": "flex",
            "flexDirection": "row",
            "flexWrap": "wrap",
            "justifyContent": "space-between",
            "marginTop": 40,
          }
        }
      >
        <View
          style={
            Object {
              "alignItems": "center",
              "display": "flex",
              "height": 40,
              "justifyItems": "center",
              "marginVertical": 10,
              "width": "50%",
            }
          }
        >
          <View
            accessibilityState={
              Object {
                "disabled": false,
              }
            }
            accessible={true}
            collapsable={false}
            focusable={true}
            onClick={[Function]}
            onResponderGrant={[Function]}
            onResponderMove={[Function]}
            onResponderRelease={[Function]}
            onResponderTerminate={[Function]}
            onResponderTerminationRequest={[Function]}
            onStartShouldSetResponder={[Function]}
            style={
              Object {
                "alignItems": "center",
                "backgroundColor": "#DAE1E7",
                "opacity": 1,
                "paddingVertical": 5,
                "width": "95%",
              }
            }
          >
            <Text
              style={
                Array [
                  Object {
                    "fontSize": 13,
                  },
                  Object {},
                ]
              }
            >
              Dirk the Daring
            </Text>
          </View>
        </View>
        <View
          style={
            Object {
              "alignItems": "center",
              "display": "flex",
              "height": 40,
              "justifyItems": "center",
              "marginVertical": 10,
              "width": "50%",
            }
          }
        >
          <View
            accessibilityState={
              Object {
                "disabled": false,
              }
            }
            accessible={true}
            collapsable={false}
            focusable={true}
            onClick={[Function]}
            onResponderGrant={[Function]}
            onResponderMove={[Function]}
            onResponderRelease={[Function]}
            onResponderTerminate={[Function]}
            onResponderTerminationRequest={[Function]}
            onStartShouldSetResponder={[Function]}
            style={
              Object {
                "alignItems": "center",
                "backgroundColor": "#DAE1E7",
                "opacity": 1,
                "paddingVertical": 5,
                "width": "95%",
              }
            }
          >
            <Text
              style={
                Array [
                  Object {
                    "fontSize": 13,
                  },
                  Object {},
                ]
              }
            >
              Arthur
            </Text>
          </View>
        </View>
        <View
          style={
            Object {
              "alignItems": "center",
              "display": "flex",
              "height": 40,
              "justifyItems": "center",
              "marginVertical": 10,
              "width": "50%",
            }
          }
        >
          <View
            accessibilityState={
              Object {
                "disabled": false,
              }
            }
            accessible={true}
            collapsable={false}
            focusable={true}
            onClick={[Function]}
            onResponderGrant={[Function]}
            onResponderMove={[Function]}
            onResponderRelease={[Function]}
            onResponderTerminate={[Function]}
            onResponderTerminationRequest={[Function]}
            onStartShouldSetResponder={[Function]}
            style={
              Object {
                "alignItems": "center",
                "backgroundColor": "#DAE1E7",
                "opacity": 1,
                "paddingVertical": 5,
                "width": "95%",
              }
            }
          >
            <Text
              style={
                Array [
                  Object {
                    "fontSize": 13,
                  },
                  Object {},
                ]
              }
            >
              Guy of Gisbourne
            </Text>
          </View>
        </View>
        <View
          style={
            Object {
              "alignItems": "center",
              "display": "flex",
              "height": 40,
              "justifyItems": "center",
              "marginVertical": 10,
              "width": "50%",
            }
          }
        >
          <View
            accessibilityState={
              Object {
                "disabled": false,
              }
            }
            accessible={true}
            collapsable={false}
            focusable={true}
            onClick={[Function]}
            onResponderGrant={[Function]}
            onResponderMove={[Function]}
            onResponderRelease={[Function]}
            onResponderTerminate={[Function]}
            onResponderTerminationRequest={[Function]}
            onStartShouldSetResponder={[Function]}
            style={
              Object {
                "alignItems": "center",
                "backgroundColor": "#DAE1E7",
                "opacity": 1,
                "paddingVertical": 5,
                "width": "95%",
              }
            }
          >
            <Text
              style={
                Array [
                  Object {
                    "fontSize": 13,
                  },
                  Object {},
                ]
              }
            >
              Sir Toby Belch
            </Text>
          </View>
        </View>
      </View>
    </View>
  </View>
  <View
    style={
      Object {
        "marginBottom": 50,
        "width": "100%",
      }
    }
  >
    <View
      style={
        Object {
          "display": "flex",
          "flexDirection": "row",
          "justifyContent": "space-between",
          "width": "100%",
        }
      }
    >
      <Text
        style={
          Object {
            "fontSize": 18,
          }
        }
      >
        Score: 0%
      </Text>
      <Text
        style={
          Object {
            "fontSize": 18,
          }
        }
      >
        Max Score: 100%
      </Text>
    </View>
    <View
      style={
        Object {
          "borderColor": "black",
          "borderWidth": 2,
        }
      }
    >
      <View
        style={
          Object {
            "backgroundColor": "#d2d2d2",
            "height": 20,
            "position": "relative",
            "width": "100%",
          }
        }
      >
        <View
          style={
            Array [
              Object {
                "height": 20,
              },
              Object {
                "backgroundColor": "#222",
              },
              Object {
                "position": "absolute",
                "width": "0%",
                "zIndex": 999,
              },
            ]
          }
        />
        <View
          style={
            Array [
              Object {
                "height": 20,
              },
              Object {
                "backgroundColor": "#717171",
              },
              Object {
                "position": "absolute",
                "width": "0%",
              },
            ]
          }
        />
        <View
          style={
            Array [
              Object {
                "height": 20,
              },
              Object {
                "backgroundColor": "#F3F3F3",
              },
              Object {
                "position": "absolute",
                "right": 0,
                "width": "0%",
              },
            ]
          }
        />
      </View>
    </View>
  </View>
</View>
`;
